// Vitest Snapshot v1, https://vitest.dev/guide/snapshot.html

exports[`golden: boardToMarkdown > HTMLページの箇所を持つボード 1`] = `
"> 以下はWebページの修正指示です。各項目の \`セレクタ\` は、対象ページに対するCSSセレクタです。
> 「現在」は取り込み時点の getComputedStyle の実測値です。
> 「変えないもの」は現状維持してください。

# デザイン指示: HTMLサンプル

- 対象: Webページ、レンダリング幅 1280px
- 種類: コード修正指示(HTMLページに対して)

## レイアウト
- 1 見出し: 上(x 10%, y 10%, w 50%, h 10%)
  - 文字サイズ: 少し小さく
"
`;

exports[`golden: boardToMarkdown > サンプル: Webページ 1`] = `
"> 以下はデザインの修正指示です。①②③は添付画像上の番号付き領域を指します。
> 位置と大きさは画像の左上を原点とし、画像の幅・高さに対する割合(%)で示します。
> px換算は幅1280px基準です。「変えないもの」は現状維持してください。

# デザイン指示: サンプル: サービス紹介ページ

- 対象: Web、画像サイズ 1280×1600
- 種類: 修正指示(初校に対して)

## 基準ルール
- 色: 背景 #ffffff / 文字 #111111 / 強調 #c94a1d
- 文字: 見出し=はっきりゴシック 40px
- 余白: 基準 16px
- 動き: 登場時=下からふわっと
- トーン: 整然と、シンプルに

## 全体
- ひとこと: 「整然と」
- 見る順: 1 見出し → 3 ヒーロー画像 → 2 CTAボタン

## 箇所ごと
### 1 見出し(x 7%, y 18%, w 60%, h 8%)
- 位置: 上へ 4%(18% → 14%)
- 文字サイズ: 少し小さく

### 2 CTAボタン(x 7%, y 29%, w 17%, h 5%)
- 色: #3266cc → #c94a1d
- 動き: 登場時に「ポンと出る」(pop)、速さ 0.4s、強さ ふつう

## 変えないもの
- 3 ヒーロー画像
"
`;

exports[`golden: boardToMarkdown > サンプル: スライド 1`] = `
"> 以下はデザインの修正指示です。①②③は添付画像上の番号付き領域を指します。
> 位置と大きさは画像の左上を原点とし、画像の幅・高さに対する割合(%)で示します。
> px換算は幅1280px基準です。「変えないもの」は現状維持してください。

# デザイン指示: サンプル: 四半期報告スライド

- 対象: スライド(16:9)、画像サイズ 1280×720
- 種類: 修正指示(初校に対して)

## 基準ルール
- 色: 強調 #3266cc
- 文字: 見出し=はっきりゴシック 40px
- トーン: 整然と

## 箇所ごと
### 2 箇条書き(x 8%, y 36%, w 50%, h 25%)
- 大きさ: 幅 50% → 50%(約1.0倍)
- 余白: 少し大きく

### 3 グラフ(x 61%, y 36%, w 31%, h 42%)
- 動き: 登場時に「下からふわっと」(fade-up)、速さ 0.4s、強さ ふつう

## 変えないもの
- 1 見出し
"
`;
